###############################################################################
#
# IAR ELF Linker V7.30.3.8024/W32 for ARM                 30/Apr/2017  21:20:35
# Copyright 2007-2014 IAR Systems AB.
#
#    Output file  =  
#        F:\5咸鱼\直立资料\直立资料\直立摄像头\第十二届直立摄像头程序\Prj\IAR\DZ10_Debug\Exe\vcan_Kinetis.out
#    Map file     =  
#        F:\5咸鱼\直立资料\直立资料\直立摄像头\第十二届直立摄像头程序\Prj\IAR\DZ10_Debug\List\vcan_Kinetis.map
#    Command line =  
#        F:\5咸鱼\直立资料\直立资料\直立摄像头\第十二届直立摄像头程序\Prj\IAR\DZ10_Debug\Obj\bsp_global_var.o
#        F:\5咸鱼\直立资料\直立资料\直立摄像头\第十二届直立摄像头程序\Prj\IAR\DZ10_Debug\Obj\bsp_infrared.o
#        F:\5咸鱼\直立资料\直立资料\直立摄像头\第十二届直立摄像头程序\Prj\IAR\DZ10_Debug\Obj\bsp_my_oled.o
#        F:\5咸鱼\直立资料\直立资料\直立摄像头\第十二届直立摄像头程序\Prj\IAR\DZ10_Debug\Obj\bsp_oled.o
#        F:\5咸鱼\直立资料\直立资料\直立摄像头\第十二届直立摄像头程序\Prj\IAR\DZ10_Debug\Obj\direction.o
#        F:\5咸鱼\直立资料\直立资料\直立摄像头\第十二届直立摄像头程序\Prj\IAR\DZ10_Debug\Obj\diskio.o
#        F:\5咸鱼\直立资料\直立资料\直立摄像头\第十二届直立摄像头程序\Prj\IAR\DZ10_Debug\Obj\ff.o
#        F:\5咸鱼\直立资料\直立资料\直立摄像头\第十二届直立摄像头程序\Prj\IAR\DZ10_Debug\Obj\flash_param.o
#        F:\5咸鱼\直立资料\直立资料\直立摄像头\第十二届直立摄像头程序\Prj\IAR\DZ10_Debug\Obj\I2C.o
#        F:\5咸鱼\直立资料\直立资料\直立摄像头\第十二届直立摄像头程序\Prj\IAR\DZ10_Debug\Obj\main.o
#        F:\5咸鱼\直立资料\直立资料\直立摄像头\第十二届直立摄像头程序\Prj\IAR\DZ10_Debug\Obj\misc.o
#        F:\5咸鱼\直立资料\直立资料\直立摄像头\第十二届直立摄像头程序\Prj\IAR\DZ10_Debug\Obj\MK60_adc.o
#        F:\5咸鱼\直立资料\直立资料\直立摄像头\第十二届直立摄像头程序\Prj\IAR\DZ10_Debug\Obj\MK60_conf.o
#        F:\5咸鱼\直立资料\直立资料\直立摄像头\第十二届直立摄像头程序\Prj\IAR\DZ10_Debug\Obj\MK60_dac.o
#        F:\5咸鱼\直立资料\直立资料\直立摄像头\第十二届直立摄像头程序\Prj\IAR\DZ10_Debug\Obj\MK60_dma.o
#        F:\5咸鱼\直立资料\直立资料\直立摄像头\第十二届直立摄像头程序\Prj\IAR\DZ10_Debug\Obj\MK60_DWT.o
#        F:\5咸鱼\直立资料\直立资料\直立摄像头\第十二届直立摄像头程序\Prj\IAR\DZ10_Debug\Obj\MK60_flash.o
#        F:\5咸鱼\直立资料\直立资料\直立摄像头\第十二届直立摄像头程序\Prj\IAR\DZ10_Debug\Obj\MK60_flexbus.o
#        F:\5咸鱼\直立资料\直立资料\直立摄像头\第十二届直立摄像头程序\Prj\IAR\DZ10_Debug\Obj\MK60_ftm.o
#        F:\5咸鱼\直立资料\直立资料\直立摄像头\第十二届直立摄像头程序\Prj\IAR\DZ10_Debug\Obj\MK60_gpio.o
#        F:\5咸鱼\直立资料\直立资料\直立摄像头\第十二届直立摄像头程序\Prj\IAR\DZ10_Debug\Obj\MK60_it.o
#        F:\5咸鱼\直立资料\直立资料\直立摄像头\第十二届直立摄像头程序\Prj\IAR\DZ10_Debug\Obj\MK60_lptmr.o
#        F:\5咸鱼\直立资料\直立资料\直立摄像头\第十二届直立摄像头程序\Prj\IAR\DZ10_Debug\Obj\MK60_mcg.o
#        F:\5咸鱼\直立资料\直立资料\直立摄像头\第十二届直立摄像头程序\Prj\IAR\DZ10_Debug\Obj\MK60_PIT.o
#        F:\5咸鱼\直立资料\直立资料\直立摄像头\第十二届直立摄像头程序\Prj\IAR\DZ10_Debug\Obj\MK60_port.o
#        F:\5咸鱼\直立资料\直立资料\直立摄像头\第十二届直立摄像头程序\Prj\IAR\DZ10_Debug\Obj\MK60_rtc.o
#        F:\5咸鱼\直立资料\直立资料\直立摄像头\第十二届直立摄像头程序\Prj\IAR\DZ10_Debug\Obj\MK60_sdhc.o
#        F:\5咸鱼\直立资料\直立资料\直立摄像头\第十二届直立摄像头程序\Prj\IAR\DZ10_Debug\Obj\MK60_spi.o
#        F:\5咸鱼\直立资料\直立资料\直立摄像头\第十二届直立摄像头程序\Prj\IAR\DZ10_Debug\Obj\MK60_SysTick.o
#        F:\5咸鱼\直立资料\直立资料\直立摄像头\第十二届直立摄像头程序\Prj\IAR\DZ10_Debug\Obj\MK60_uart.o
#        F:\5咸鱼\直立资料\直立资料\直立摄像头\第十二届直立摄像头程序\Prj\IAR\DZ10_Debug\Obj\MK60_usb.o
#        F:\5咸鱼\直立资料\直立资料\直立摄像头\第十二届直立摄像头程序\Prj\IAR\DZ10_Debug\Obj\MK60_wdog.o
#        F:\5咸鱼\直立资料\直立资料\直立摄像头\第十二届直立摄像头程序\Prj\IAR\DZ10_Debug\Obj\picture_deal.o
#        F:\5咸鱼\直立资料\直立资料\直立摄像头\第十二届直立摄像头程序\Prj\IAR\DZ10_Debug\Obj\scope.o
#        F:\5咸鱼\直立资料\直立资料\直立摄像头\第十二届直立摄像头程序\Prj\IAR\DZ10_Debug\Obj\speed.o
#        F:\5咸鱼\直立资料\直立资料\直立摄像头\第十二届直立摄像头程序\Prj\IAR\DZ10_Debug\Obj\startup_MK60DZ10.o
#        F:\5咸鱼\直立资料\直立资料\直立摄像头\第十二届直立摄像头程序\Prj\IAR\DZ10_Debug\Obj\system_MK60DZ10.o
#        F:\5咸鱼\直立资料\直立资料\直立摄像头\第十二届直立摄像头程序\Prj\IAR\DZ10_Debug\Obj\ui_debug.o
#        F:\5咸鱼\直立资料\直立资料\直立摄像头\第十二届直立摄像头程序\Prj\IAR\DZ10_Debug\Obj\ui_debug_common.o
#        F:\5咸鱼\直立资料\直立资料\直立摄像头\第十二届直立摄像头程序\Prj\IAR\DZ10_Debug\Obj\ui_setpage.o
#        F:\5咸鱼\直立资料\直立资料\直立摄像头\第十二届直立摄像头程序\Prj\IAR\DZ10_Debug\Obj\upstand.o
#        F:\5咸鱼\直立资料\直立资料\直立摄像头\第十二届直立摄像头程序\Prj\IAR\DZ10_Debug\Obj\USB.o
#        F:\5咸鱼\直立资料\直立资料\直立摄像头\第十二届直立摄像头程序\Prj\IAR\DZ10_Debug\Obj\USB_CDC.o
#        F:\5咸鱼\直立资料\直立资料\直立摄像头\第十二届直立摄像头程序\Prj\IAR\DZ10_Debug\Obj\VCAN_ASCII.o
#        F:\5咸鱼\直立资料\直立资料\直立摄像头\第十二届直立摄像头程序\Prj\IAR\DZ10_Debug\Obj\VCAN_BMP.o
#        F:\5咸鱼\直立资料\直立资料\直立摄像头\第十二届直立摄像头程序\Prj\IAR\DZ10_Debug\Obj\VCAN_camera.o
#        F:\5咸鱼\直立资料\直立资料\直立摄像头\第十二届直立摄像头程序\Prj\IAR\DZ10_Debug\Obj\VCAN_computer.o
#        F:\5咸鱼\直立资料\直立资料\直立摄像头\第十二届直立摄像头程序\Prj\IAR\DZ10_Debug\Obj\vcan_img2sd.o
#        F:\5咸鱼\直立资料\直立资料\直立摄像头\第十二届直立摄像头程序\Prj\IAR\DZ10_Debug\Obj\VCAN_key.o
#        F:\5咸鱼\直立资料\直立资料\直立摄像头\第十二届直立摄像头程序\Prj\IAR\DZ10_Debug\Obj\VCAN_LED.o
#        F:\5咸鱼\直立资料\直立资料\直立摄像头\第十二届直立摄像头程序\Prj\IAR\DZ10_Debug\Obj\VCAN_OV7725_Eagle.o
#        F:\5咸鱼\直立资料\直立资料\直立摄像头\第十二届直立摄像头程序\Prj\IAR\DZ10_Debug\Obj\VCAN_SCCB.o
#        F:\5咸鱼\直立资料\直立资料\直立摄像头\第十二届直立摄像头程序\Prj\IAR\DZ10_Debug\Obj\vcan_sd_app.o
#        F:\5咸鱼\直立资料\直立资料\直立摄像头\第十二届直立摄像头程序\Prj\IAR\DZ10_Debug\Obj\VCAN_UI_VAR.o
#        F:\5咸鱼\直立资料\直立资料\直立摄像头\第十二届直立摄像头程序\Prj\IAR\DZ10_Debug\Obj\vectors.o
#        --redirect _Printf=_PrintfLargeNoMb --redirect _Scanf=_ScanfLargeNoMb
#        -o
#        F:\5咸鱼\直立资料\直立资料\直立摄像头\第十二届直立摄像头程序\Prj\IAR\DZ10_Debug\Exe\vcan_Kinetis.out
#        --map
#        F:\5咸鱼\直立资料\直立资料\直立摄像头\第十二届直立摄像头程序\Prj\IAR\DZ10_Debug\List\vcan_Kinetis.map
#        --config
#        "F:\5咸鱼\直立资料\直立资料\直立摄像头\第十二届直立摄像头程序\Prj\IAR\config
#        files\vcan_ROM_K60N512.icf"
#        F:\5咸鱼\直立资料\直立资料\直立摄像头\第十二届直立摄像头程序\Prj\IAR\..\..\Lib\CMSIS\iar_cortexM4l_math.a
#        --entry __iar_program_start --vfe
#
###############################################################################

*******************************************************************************
*** RUNTIME MODEL ATTRIBUTES
***

CppFlavor       = *
__SystemLibrary = DLib


*******************************************************************************
*** PLACEMENT SUMMARY
***

"A1":  place at 0x00000000 { ro section .intvec };
"A2":  place at 0x00000410 { ro section .noinit };
"P1":  place in [from 0x00000000 to 0x00080000] { ro, block CodeRelocate };
"P2":  place in [from 0x1fff0410 to 0x20010000] {
          rw, block CodeRelocateRam, block CSTACK, block HEAP };

  Section              Kind        Address    Size  Object
  -------              ----        -------    ----  ------
"A1":                                        0x410
  .intvec              const    0x00000000   0x410  vectors.o [1]
                              - 0x00000410   0x410

"P1", part 1 of 2:                             0x0
  .rodata              const    0x00000410     0x0  zero_init3.o [5]

"A2":                                          0x8
  .noinit              ro code  0x00000410     0x8  startup_MK60DZ10.o [1]
                              - 0x00000418     0x8

"P1", part 2 of 2:                          0x8e18
  .text                ro code  0x00000418  0x1268  picture_deal.o [1]
  .text                ro code  0x00001680    0x4e  FltToDbl.o [4]
  .text                ro code  0x000016ce    0x22  zero_init3.o [5]
  .text                ro code  0x000016f0   0x1a2  DblMul.o [4]
  .rodata              const    0x00001892     0x2  VCAN_camera.o [1]
  .text                ro code  0x00001894    0xe8  DblAdd.o [4]
  .text                ro code  0x0000197c    0x90  DblToFlt.o [4]
  .text                ro code  0x00001a0c    0x44  FltToS32.o [4]
  .text                ro code  0x00001a50     0x8  abs.o [3]
  .text                ro code  0x00001a58    0x32  I32ToFlt.o [4]
  .text                ro code  0x00001a8c    0xfc  FltDiv.o [4]
  .text                ro code  0x00001b88   0x180  DblSub.o [4]
  .text                ro code  0x00001d08   0xbee  xprintflarge_nomb.o [3]
  .text                ro code  0x000028f8    0x16  strchr.o [5]
  .text                ro code  0x00002910    0x36  strlen.o [5]
  .text                ro code  0x00002948    0x58  memchr.o [5]
  .text                ro code  0x000029a0    0xee  I64DivMod.o [5]
  .text                ro code  0x00002a90    0x76  ABImemcpy_unaligned.o [5]
  .text                ro code  0x00002b06    0x42  xdnorm.o [4]
  .text                ro code  0x00002b48    0x2e  DblCmpLe.o [4]
  .text                ro code  0x00002b78   0x246  DblDiv.o [4]
  .text                ro code  0x00002dc0    0x2c  DblToI32.o [4]
  .text                ro code  0x00002dec    0x30  I32ToDbl.o [4]
  .text                ro code  0x00002e1c    0x6c  localeconv.o [3]
  .text                ro code  0x00002e88     0xe  div.o [3]
  .text                ro code  0x00002e98     0x2  I64DivZer.o [5]
  .text                ro code  0x00002e9a     0x2  xtls.o [3]
  .data_init                    0x00002e9c   0x9a8  <Block>
    Initializer bytes  ro data  0x00002e9c   0x9a8  <for .data-1>
  .rodata              const    0x00003844   0x7f0  bsp_my_oled.o [1]
  Veneer               ro code  0x00004034     0x8  - Linker created -
  Veneer               ro code  0x0000403c     0x8  - Linker created -
  .text                ro code  0x00004044   0x556  flash_param.o [1]
  .text                ro code  0x0000459c    0xd8  FltMul.o [4]
  .text                ro code  0x00004674   0x52c  speed.o [1]
  .text                ro code  0x00004ba0   0x4b0  MK60_ftm.o [1]
  .text                ro code  0x00005050    0xe6  FltSub.o [4]
  .text                ro code  0x00005138    0x24  FltCmpGe.o [4]
  .text                ro code  0x0000515c    0x84  FltAdd.o [4]
  .text                ro code  0x000051e0    0x24  FltCmpLe.o [4]
  .text                ro code  0x00005204    0xb0  MK60_port.o [1]
  Veneer               ro code  0x000052b4     0x8  - Linker created -
  .text                ro code  0x000052bc   0x140  MK60_conf.o [1]
  .text                ro code  0x000053fc    0xac  VCAN_LED.o [1]
  .text                ro code  0x000054a8    0x24  printf.o [3]
  .text                ro code  0x000054cc    0x64  MK60_SysTick.o [1]
  .text                ro code  0x00005530   0x224  MK60_uart.o [1]
  .text                ro code  0x00005754    0x9c  VCAN_key.o [1]
  .text                ro code  0x000057f0   0x1a4  MK60_gpio.o [1]
  .text                ro code  0x00005994   0x4ec  bsp_my_oled.o [1]
  .text                ro code  0x00005e80   0x4d0  bsp_oled.o [1]
  .text                ro code  0x00006350   0x49a  ui_debug_common.o [1]
  .text                ro code  0x000067ec    0x44  strcpy_unaligned.o [5]
  .text                ro code  0x00006830   0x288  bsp_infrared.o [1]
  .text                ro code  0x00006ab8   0x15c  MK60_PIT.o [1]
  Veneer               ro code  0x00006c14     0x8  - Linker created -
  .text                ro code  0x00006c1c   0x3c8  MK60_mcg.o [1]
  .text                ro code  0x00006fe4   0x362  VCAN_SCCB.o [1]
  .text                ro code  0x00007348   0x338  I2C.o [1]
  .text                ro code  0x00007680   0x29c  upstand.o [1]
  .text                ro code  0x0000791c    0xf0  sqrt.o [4]
  .text                ro code  0x00007a0c     0xc  iarEdom.o [5]
  .text                ro code  0x00007a18     0xc  errno.o [3]
  .text                ro code  0x00007a24   0x284  MK60_dma.o [1]
  .text                ro code  0x00007ca8   0x27c  MK60_it.o [1]
  .text                ro code  0x00007f24   0x254  VCAN_OV7725_Eagle.o [1]
  .text                ro code  0x00008178    0x94  VCAN_camera.o [1]
  .text                ro code  0x0000820c   0x11c  direction.o [1]
  .text                ro code  0x00008328   0x134  scope.o [1]
  .text                ro code  0x0000845c   0x258  ui_setpage.o [1]
  .text                ro code  0x000086b4   0x1c4  main.o [1]
  .text                ro code  0x00008878    0x50  MK60_lptmr.o [1]
  .text                ro code  0x000088c8    0x50  misc.o [1]
  .text                ro code  0x00008918    0x80  ui_debug.o [1]
  CodeRelocate                  0x00008998   0x1c8  <Block>
    Initializer bytes  ro data  0x00008998   0x1c8  <for CodeRelocateRam-1>
  .text                ro code  0x00008b60   0x130  system_MK60DZ10.o [1]
  .text                ro code  0x00008c90    0x40  MK60_wdog.o [1]
  .rodata              const    0x00008cd0    0x44  MK60_SysTick.o [1]
  .rodata              const    0x00008d14    0x40  MK60_dma.o [1]
  .rodata              const    0x00008d54    0x40  MK60_flash.o [1]
  .rodata              const    0x00008d94    0x40  MK60_ftm.o [1]
  .rodata              const    0x00008dd4    0x40  MK60_gpio.o [1]
  .rodata              const    0x00008e14    0x40  MK60_PIT.o [1]
  .rodata              const    0x00008e54    0x40  MK60_uart.o [1]
  .rodata              const    0x00008e94    0x3c  misc.o [1]
  .rodata              const    0x00008ed0    0x3c  MK60_conf.o [1]
  .text                ro code  0x00008f0c    0x28  data_init.o [5]
  .rodata              const    0x00008f34    0x24  MK60_conf.o [1]
  .rodata              const    0x00008f58    0x24  VCAN_OV7725_Eagle.o [1]
  .rodata              const    0x00008f7c    0x24  VCAN_OV7725_Eagle.o [1]
  .iar.init_table      const    0x00008fa0    0x10  - Linker created -
  .rodata              const    0x00008fb0    0x20  MK60_conf.o [1]
  .rodata              const    0x00008fd0    0x20  VCAN_OV7725_Eagle.o [1]
  .text                ro code  0x00008ff0    0x1a  cmain.o [5]
  .text                ro code  0x0000900a     0x4  low_level_init.o [3]
  .text                ro code  0x0000900e     0x4  exit.o [3]
  .text                ro code  0x00009014     0xa  cexit.o [5]
  .text                ro code  0x00009020     0xc  XXexit.o [5]
  .rodata              const    0x0000902c    0x18  VCAN_OV7725_Eagle.o [1]
  .rodata              const    0x00009044    0x18  VCAN_OV7725_Eagle.o [1]
  .text                ro code  0x0000905c    0x16  xprout.o [3]
  .text                ro code  0x00009074     0xc  putchar.o [3]
  .rodata              const    0x00009080    0x14  MK60_conf.o [1]
  .rodata              const    0x00009094    0x14  ui_setpage.o [1]
  .rodata              const    0x000090a8    0x14  VCAN_OV7725_Eagle.o [1]
  .rodata              const    0x000090bc     0xc  ui_setpage.o [1]
  .rodata              const    0x000090c8     0xc  ui_setpage.o [1]
  .rodata              const    0x000090d4     0xc  ui_setpage.o [1]
  .text                ro code  0x000090e0     0xc  cstartup_M.o [5]
  .rodata              const    0x000090ec     0x8  picture_deal.o [1]
  .rodata              const    0x000090f4     0x8  ui_setpage.o [1]
  .rodata              const    0x000090fc     0x8  ui_setpage.o [1]
  .rodata              const    0x00009104     0x8  ui_setpage.o [1]
  .rodata              const    0x0000910c     0x8  ui_setpage.o [1]
  .rodata              const    0x00009114     0x8  ui_setpage.o [1]
  .rodata              const    0x0000911c     0x8  ui_setpage.o [1]
  .rodata              const    0x00009124     0x8  ui_setpage.o [1]
  .rodata              const    0x0000912c     0x8  ui_setpage.o [1]
  .rodata              const    0x00009134     0x8  ui_setpage.o [1]
  .rodata              const    0x0000913c     0x8  ui_setpage.o [1]
  .rodata              const    0x00009144     0x8  ui_setpage.o [1]
  .rodata              const    0x0000914c     0x8  ui_setpage.o [1]
  .rodata              const    0x00009154     0x8  ui_setpage.o [1]
  .rodata              const    0x0000915c     0x8  ui_setpage.o [1]
  .rodata              const    0x00009164     0x8  ui_setpage.o [1]
  .rodata              const    0x0000916c     0x8  ui_setpage.o [1]
  .rodata              const    0x00009174     0x8  ui_setpage.o [1]
  .rodata              const    0x0000917c     0x8  ui_setpage.o [1]
  .rodata              const    0x00009184     0x8  ui_setpage.o [1]
  .rodata              const    0x0000918c     0x8  ui_setpage.o [1]
  .rodata              const    0x00009194     0x8  ui_setpage.o [1]
  .rodata              const    0x0000919c     0x8  ui_setpage.o [1]
  Initializer bytes    ro data  0x000091a4    0x8c  <for P2 s0>
                              - 0x00009230  0x8e18

"P2":                                       0xaf74
  .data                         0x1fff0410   0x9a8  <Block>
    .data-1                     0x1fff0410   0x9a8  <Init block>
      .data            inited   0x1fff0410     0x4  bsp_global_var.o [1]
      .data            inited   0x1fff0414     0x4  bsp_global_var.o [1]
      .data            inited   0x1fff0418     0x4  bsp_global_var.o [1]
      .data            inited   0x1fff041c     0x4  direction.o [1]
      .data            inited   0x1fff0420     0x4  direction.o [1]
      .data            inited   0x1fff0424   0x708  MK60_conf.o [1]
      .data            inited   0x1fff0b2c     0xc  MK60_ftm.o [1]
      .data            inited   0x1fff0b38    0x14  MK60_gpio.o [1]
      .data            inited   0x1fff0b4c     0x1  MK60_it.o [1]
      .data            inited   0x1fff0b4d     0x1  MK60_it.o [1]
      .data            inited   0x1fff0b50    0x44  MK60_mcg.o [1]
      .data            inited   0x1fff0b94     0x4  MK60_mcg.o [1]
      .data            inited   0x1fff0b98    0x14  MK60_port.o [1]
      .data            inited   0x1fff0bac    0x18  MK60_uart.o [1]
      .data            inited   0x1fff0bc4    0x14  picture_deal.o [1]
      .data            inited   0x1fff0bd8    0xf0  picture_deal.o [1]
      .data            inited   0x1fff0cc8     0x4  speed.o [1]
      .data            inited   0x1fff0ccc     0x4  speed.o [1]
      .data            inited   0x1fff0cd0     0x4  speed.o [1]
      .data            inited   0x1fff0cd4     0x4  speed.o [1]
      .data            inited   0x1fff0cd8     0x2  upstand.o [1]
      .data            inited   0x1fff0cdc     0x4  upstand.o [1]
      .data            inited   0x1fff0ce0     0x8  upstand.o [1]
      .data            inited   0x1fff0ce8     0x4  upstand.o [1]
      .data            inited   0x1fff0cec     0x4  upstand.o [1]
      .data            inited   0x1fff0cf0     0x4  upstand.o [1]
      .data            inited   0x1fff0cf4     0x4  upstand.o [1]
      .data            inited   0x1fff0cf8     0x4  upstand.o [1]
      .data            inited   0x1fff0cfc     0x4  upstand.o [1]
      .data            inited   0x1fff0d00     0x8  VCAN_key.o [1]
      .data            inited   0x1fff0d08     0x4  VCAN_LED.o [1]
      .data            inited   0x1fff0d0c     0x1  VCAN_OV7725_Eagle.o [1]
      .data            inited   0x1fff0d10    0x64  VCAN_OV7725_Eagle.o [1]
      .data            inited   0x1fff0d74     0x1  VCAN_OV7725_Eagle.o [1]
      .data            inited   0x1fff0d78    0x40  xfiles.o [3]
  CodeRelocateRam               0x1fff0db8   0x1c8  <Block>
    CodeRelocateRam-1           0x1fff0db8   0x1c8  <Init block>
      Veneer           inited   0x1fff0db8     0x8  - Linker created -
      Veneer           inited   0x1fff0dc0     0x8  - Linker created -
      .textrw          inited   0x1fff0dc8   0x168  MK60_flash.o [1]
      .textrw          inited   0x1fff0f30    0x50  MK60_mcg.o [1]
  .bss                          0x1fff0f80  0xa378  <Block>
    .bss               zero     0x1fff0f80    0x34  bsp_global_var.o [1]
    .bss               zero     0x1fff0fb4     0x4  bsp_global_var.o [1]
    .bss               zero     0x1fff0fb8     0x4  bsp_global_var.o [1]
    .bss               zero     0x1fff0fbc     0x4  bsp_global_var.o [1]
    .bss               zero     0x1fff0fc0     0x4  bsp_global_var.o [1]
    .bss               zero     0x1fff0fc4     0x4  bsp_global_var.o [1]
    .bss               zero     0x1fff0fc8     0x4  bsp_global_var.o [1]
    .bss               zero     0x1fff0fcc     0x4  bsp_global_var.o [1]
    .bss               zero     0x1fff0fd0     0x4  bsp_global_var.o [1]
    .bss               zero     0x1fff0fd4     0x4  bsp_global_var.o [1]
    .bss               zero     0x1fff0fd8     0x4  bsp_global_var.o [1]
    .bss               zero     0x1fff0fdc     0x4  bsp_global_var.o [1]
    .bss               zero     0x1fff0fe0   0x960  bsp_global_var.o [1]
    .bss               zero     0x1fff1940   0x960  bsp_global_var.o [1]
    .bss               zero     0x1fff22a0  0x4b00  bsp_global_var.o [1]
    .bss               zero     0x1fff6da0   0x400  bsp_global_var.o [1]
    .bss               zero     0x1fff71a0  0x3c00  bsp_global_var.o [1]
    .bss               zero     0x1fffada0     0x4  bsp_infrared.o [1]
    .bss               zero     0x1fffada4     0x4  direction.o [1]
    .bss               zero     0x1fffada8     0x4  direction.o [1]
    .bss               zero     0x1fffadac    0x1c  direction.o [1]
    .bss               zero     0x1fffadc8     0xc  MK60_ftm.o [1]
    .bss               zero     0x1fffadd4    0xf0  picture_deal.o [1]
    .bss               zero     0x1fffaec4    0xf0  picture_deal.o [1]
    .bss               zero     0x1fffafb4    0xf0  picture_deal.o [1]
    .bss               zero     0x1fffb0a4    0xf0  picture_deal.o [1]
    .bss               zero     0x1fffb194     0x4  picture_deal.o [1]
    .bss               zero     0x1fffb198     0x8  scope.o [1]
    .bss               zero     0x1fffb1a0     0x4  speed.o [1]
    .bss               zero     0x1fffb1a4     0x4  speed.o [1]
    .bss               zero     0x1fffb1a8     0x4  speed.o [1]
    .bss               zero     0x1fffb1ac     0x4  speed.o [1]
    .bss               zero     0x1fffb1b0     0x4  speed.o [1]
    .bss               zero     0x1fffb1b4     0x4  speed.o [1]
    .bss               zero     0x1fffb1b8     0x4  speed.o [1]
    .bss               zero     0x1fffb1bc    0x14  speed.o [1]
    .bss               zero     0x1fffb1d0     0x4  speed.o [1]
    .bss               zero     0x1fffb1d4     0x4  speed.o [1]
    .bss               zero     0x1fffb1d8     0x4  speed.o [1]
    .bss               zero     0x1fffb1dc     0x4  speed.o [1]
    .bss               zero     0x1fffb1e0     0x4  speed.o [1]
    .bss               zero     0x1fffb1e4     0x4  speed.o [1]
    .bss               zero     0x1fffb1e8     0x4  speed.o [1]
    .bss               zero     0x1fffb1ec     0x4  speed.o [1]
    .bss               zero     0x1fffb1f0     0x4  speed.o [1]
    .bss               zero     0x1fffb1f4     0x4  speed.o [1]
    .bss               zero     0x1fffb1f8     0x4  speed.o [1]
    .bss               zero     0x1fffb1fc     0x4  speed.o [1]
    .bss               zero     0x1fffb200     0x4  system_MK60DZ10.o [1]
    .bss               zero     0x1fffb204     0x4  system_MK60DZ10.o [1]
    .bss               zero     0x1fffb208     0x4  system_MK60DZ10.o [1]
    .bss               zero     0x1fffb20c     0x4  upstand.o [1]
    .bss               zero     0x1fffb210     0x4  upstand.o [1]
    .bss               zero     0x1fffb214     0x8  upstand.o [1]
    .bss               zero     0x1fffb21c     0x8  upstand.o [1]
    .bss               zero     0x1fffb224     0x8  upstand.o [1]
    .bss               zero     0x1fffb22c     0x4  upstand.o [1]
    .bss               zero     0x1fffb230     0x4  upstand.o [1]
    .bss               zero     0x1fffb234     0x4  upstand.o [1]
    .bss               zero     0x1fffb238     0x4  upstand.o [1]
    .bss               zero     0x1fffb23c     0x4  upstand.o [1]
    .bss               zero     0x1fffb240     0x4  upstand.o [1]
    .bss               zero     0x1fffb244    0x14  upstand.o [1]
    .bss               zero     0x1fffb258     0x4  VCAN_OV7725_Eagle.o [1]
    .bss               zero     0x1fffb25c    0x50  xfiles.o [3]
    .bss               zero     0x1fffb2ac     0x2  bsp_global_var.o [1]
    .bss               zero     0x1fffb2ae     0x2  bsp_global_var.o [1]
    .bss               zero     0x1fffb2b0     0x2  bsp_global_var.o [1]
    .bss               zero     0x1fffb2b2     0x2  bsp_global_var.o [1]
    .bss               zero     0x1fffb2b4     0x2  bsp_global_var.o [1]
    .bss               zero     0x1fffb2b6     0x2  bsp_global_var.o [1]
    .bss               zero     0x1fffb2b8     0x2  bsp_global_var.o [1]
    .bss               zero     0x1fffb2ba     0x2  bsp_global_var.o [1]
    .bss               zero     0x1fffb2bc     0x2  bsp_global_var.o [1]
    .bss               zero     0x1fffb2be     0x2  bsp_global_var.o [1]
    .bss               zero     0x1fffb2c0     0x2  bsp_global_var.o [1]
    .bss               zero     0x1fffb2c2     0x2  bsp_global_var.o [1]
    .bss               zero     0x1fffb2c4     0x2  direction.o [1]
    .bss               zero     0x1fffb2c6     0x2  MK60_it.o [1]
    .bss               zero     0x1fffb2c8     0x2  picture_deal.o [1]
    .bss               zero     0x1fffb2ca     0x2  picture_deal.o [1]
    .bss               zero     0x1fffb2cc     0x2  picture_deal.o [1]
    .bss               zero     0x1fffb2ce     0x2  picture_deal.o [1]
    .bss               zero     0x1fffb2d0     0x2  picture_deal.o [1]
    .bss               zero     0x1fffb2d2     0x2  picture_deal.o [1]
    .bss               zero     0x1fffb2d4     0x2  picture_deal.o [1]
    .bss               zero     0x1fffb2d6     0x2  picture_deal.o [1]
    .bss               zero     0x1fffb2d8     0x2  picture_deal.o [1]
    .bss               zero     0x1fffb2da     0x2  picture_deal.o [1]
    .bss               zero     0x1fffb2dc     0x2  picture_deal.o [1]
    .bss               zero     0x1fffb2de     0x2  picture_deal.o [1]
    .bss               zero     0x1fffb2e0     0x2  picture_deal.o [1]
    .bss               zero     0x1fffb2e2     0x2  picture_deal.o [1]
    .bss               zero     0x1fffb2e4     0x2  picture_deal.o [1]
    .bss               zero     0x1fffb2e6     0x1  bsp_global_var.o [1]
    .bss               zero     0x1fffb2e7     0x1  bsp_global_var.o [1]
    .bss               zero     0x1fffb2e8     0x1  bsp_infrared.o [1]
    .bss               zero     0x1fffb2e9     0x1  bsp_infrared.o [1]
    .bss               zero     0x1fffb2ea     0x1  bsp_infrared.o [1]
    .bss               zero     0x1fffb2eb     0x1  bsp_infrared.o [1]
    .bss               zero     0x1fffb2ec     0x1  bsp_infrared.o [1]
    .bss               zero     0x1fffb2ed     0x1  bsp_infrared.o [1]
    .bss               zero     0x1fffb2ee     0x1  MK60_it.o [1]
    .bss               zero     0x1fffb2ef     0x1  MK60_it.o [1]
    .bss               zero     0x1fffb2f0     0x1  MK60_it.o [1]
    .bss               zero     0x1fffb2f1     0x1  MK60_it.o [1]
    .bss               zero     0x1fffb2f2     0x1  picture_deal.o [1]
    .bss               zero     0x1fffb2f3     0x1  picture_deal.o [1]
    .bss               zero     0x1fffb2f4     0x1  picture_deal.o [1]
  P2 s0                         0x1fffb2f8    0x8c  <Init block>
    __DLIB_PERTHREAD   inited   0x1fffb2f8    0x88  localeconv.o [3]
    __DLIB_PERTHREAD   inited   0x1fffb380     0x4  errno.o [3]
                              - 0x1fffb384  0xaf74


*******************************************************************************
*** INIT TABLE
***

          Address     Size
          -------     ----
Zero (__iar_zero_init3)
    1 destination range, total size 0xa375:
          0x1fff0f80  0xa375



*******************************************************************************
*** MODULE SUMMARY
***

    Module                 ro code  rw code  ro data  rw data
    ------                 -------  -------  -------  -------
F:\5咸鱼\直立资料\直立资料\直立摄像头\第十二届直立摄像头程序\Prj\IAR\DZ10_Debug\Obj: [1]
    I2C.o                      824
    MK60_PIT.o                 348                64
    MK60_SysTick.o             100                68
    MK60_conf.o                320             1 948    1 800
    MK60_dma.o                 644                64
    MK60_flash.o                        360      424
    MK60_ftm.o               1 200                76       24
    MK60_gpio.o                420                84       20
    MK60_it.o                  636                 2        8
    MK60_lptmr.o                80
    MK60_mcg.o                 968       80      154       72
    MK60_port.o                176                20       20
    MK60_uart.o                548                88       24
    MK60_wdog.o                 64
    VCAN_LED.o                 172                 4        4
    VCAN_OV7725_Eagle.o        596               277      106
    VCAN_SCCB.o                866
    VCAN_camera.o              148                 2
    VCAN_key.o                 156                 8        8
    bsp_global_var.o                              12   40 518
    bsp_infrared.o             648                         10
    bsp_my_oled.o            1 260             2 032
    bsp_oled.o               1 232
    direction.o                284                 8       46
    flash_param.o            1 366
    main.o                     452
    misc.o                      80                60
    picture_deal.o           4 712               268    1 257
    scope.o                    308                          8
    speed.o                  1 324                16      112
    startup_MK60DZ10.o           8
    system_MK60DZ10.o          304                         12
    ui_debug.o                 128
    ui_debug_common.o        1 178
    ui_setpage.o               600               232
    upstand.o                  668                40      114
    vectors.o                                  1 040
    ---------------------------------------------------------
    Total:                  22 818      440    6 991   44 163

command line: [2]
    ---------------------------------------------------------
    Total:

dl7M_tlf.a: [3]
    abs.o                        8
    div.o                       14
    errno.o                     12                 4        4
    exit.o                       4
    localeconv.o               108               136      136
    low_level_init.o             4
    printf.o                    36
    putchar.o                   12
    xfiles.o                                      67      144
    xprintflarge_nomb.o      3 054
    xprout.o                    22
    xtls.o                       2
    ---------------------------------------------------------
    Total:                   3 276               207      284

m7M_tl.a: [4]
    DblAdd.o                   232
    DblCmpLe.o                  46
    DblDiv.o                   582
    DblMul.o                   418
    DblSub.o                   384
    DblToFlt.o                 144
    DblToI32.o                  44
    FltAdd.o                   132
    FltCmpGe.o                  36
    FltCmpLe.o                  36
    FltDiv.o                   252
    FltMul.o                   216
    FltSub.o                   230
    FltToDbl.o                  78
    FltToS32.o                  68
    I32ToDbl.o                  48
    I32ToFlt.o                  50
    sqrt.o                     240
    xdnorm.o                    66
    ---------------------------------------------------------
    Total:                   3 302

rt7M_tl.a: [5]
    ABImemcpy_unaligned.o      118
    I64DivMod.o                238
    I64DivZer.o                  2
    XXexit.o                    12
    cexit.o                     10
    cmain.o                     26
    cstartup_M.o                12
    data_init.o                 40
    iarEdom.o                   12
    memchr.o                    88
    strchr.o                    22
    strcpy_unaligned.o          68
    strlen.o                    54
    zero_init3.o                34
    ---------------------------------------------------------
    Total:                     736

    Gaps                        30                         10
    Linker created              32       16       32
-------------------------------------------------------------
    Grand Total:            30 194      456    7 230   44 457


*******************************************************************************
*** ENTRY LIST
***

Entry                      Address    Size  Type      Object
-----                      -------    ----  ----      ------
.bss$$Base              0x1fff0f80           --   Gb  - Linker created -
.bss$$Limit             0x1fffb2f8           --   Gb  - Linker created -
.data$$Base             0x1fff0410           --   Gb  - Linker created -
.data$$Limit            0x1fff0db8           --   Gb  - Linker created -
.data_init$$Base        0x00002e9c           --   Gb  - Linker created -
.data_init$$Limit       0x00003844           --   Gb  - Linker created -
?main                   0x00008ff1          Code  Gb  cmain.o [5]
ASSERT_FAILED_STR       0x00008f34    0x24  Data  Gb  MK60_conf.o [1]
BalanceControl          0x0000780d    0x74  Code  Gb  upstand.o [1]
CRC_CHECK               0x00008329    0x4a  Code  Gb  scope.o [1]
CalSpeedError           0x00004887   0x156  Code  Gb  speed.o [1]
CodeMapping             0x00006993    0xd8  Code  Gb  bsp_infrared.o [1]
CodeRelocate$$Base      0x00008998           --   Gb  - Linker created -
CodeRelocate$$Limit     0x00008b60           --   Gb  - Linker created -
CodeRelocateRam$$Base   0x1fff0db8           --   Gb  - Linker created -
CodeRelocateRam$$Limit  0x1fff0f80           --   Gb  - Linker created -
DMA0_IRQHandler         0x00007e81    0x3c  Code  Gb  MK60_it.o [1]
DirectionControl        0x0000820d   0x11c  Code  Gb  direction.o [1]
Draw_BMP                0x0000616d   0x1c6  Code  Gb  bsp_oled.o [1]
FTMN                    0x1fff0b2c     0xc  Data  Gb  MK60_ftm.o [1]
FTM_port_mux            0x00004ba1    0xcc  Code  Lc  MK60_ftm.o [1]
Flag_Buzz               0x1fffb2f1     0x1  Data  Gb  MK60_it.o [1]
Flag_Direction          0x1fffb2f0     0x1  Data  Gb  MK60_it.o [1]
Flag_Out                0x1fff0b4d     0x1  Data  Gb  MK60_it.o [1]
Flag_Speed              0x1fffb2ef     0x1  Data  Gb  MK60_it.o [1]
Flag_SpeedControl       0x1fffb2ee     0x1  Data  Gb  MK60_it.o [1]
Flag_Stop               0x1fff0b4c     0x1  Data  Gb  MK60_it.o [1]
Flag_ir                 0x1fffb2ed     0x1  Data  Gb  bsp_infrared.o [1]
GPIOX                   0x1fff0b38    0x14  Data  Gb  MK60_gpio.o [1]
GalAcceAndGyroY         0x000076a5    0x82  Code  Gb  upstand.o [1]
GetHighTime             0x00006851    0x30  Code  Gb  bsp_infrared.o [1]
GetIRKey                0x00006a6b     0x6  Code  Gb  bsp_infrared.o [1]
GetLowTime              0x00006881    0x30  Code  Gb  bsp_infrared.o [1]
Get_Y_Gyro              0x000075d7    0x28  Code  Gb  I2C.o [1]
Get_Z_Acc               0x000075a1    0x36  Code  Gb  I2C.o [1]
I2C_Ack                 0x00007459    0x34  Code  Gb  I2C.o [1]
I2C_Delay               0x00007595     0xc  Code  Gb  I2C.o [1]
I2C_NoAck               0x0000748d    0x34  Code  Gb  I2C.o [1]
I2C_ReadWord            0x00007373    0x4e  Code  Gb  I2C.o [1]
I2C_ReceiveByte         0x0000752b    0x56  Code  Gb  I2C.o [1]
I2C_SendByte            0x000074c1    0x6a  Code  Gb  I2C.o [1]
I2C_Start               0x000073c1    0x52  Code  Gb  I2C.o [1]
I2C_Stop                0x00007413    0x46  Code  Gb  I2C.o [1]
I2C_WriteReg            0x00007349    0x2a  Code  Gb  I2C.o [1]
IR_Decoding             0x000068b1    0xe2  Code  Gb  bsp_infrared.o [1]
Infrared_Handler        0x00007ce7    0x22  Code  Gb  MK60_it.o [1]
KEY_PTxn                0x1fff0d00     0x8  Data  Gb  VCAN_key.o [1]
KalmanFilter            0x00007727    0xe6  Code  Gb  upstand.o [1]
KalmanGain              0x1fff0cf4     0x4  Data  Gb  upstand.o [1]
KeyCode                 0x1fffb2ea     0x1  Data  Gb  bsp_infrared.o [1]
KeyData                 0x1fffb2eb     0x1  Data  Gb  bsp_infrared.o [1]
LCD_DLY_ms              0x00005f85    0x18  Code  Gb  bsp_oled.o [1]
LCD_Fill                0x00005f45    0x40  Code  Gb  bsp_oled.o [1]
LCD_Init                0x000060b5    0xb8  Code  Gb  bsp_oled.o [1]
LCD_Set_Pos             0x00005f17    0x2e  Code  Gb  bsp_oled.o [1]
LCD_WrCmd               0x00005ecd    0x4a  Code  Gb  bsp_oled.o [1]
LCD_WrDat               0x00005e81    0x4a  Code  Gb  bsp_oled.o [1]
LED_PTxn                0x1fff0d08     0x4  Data  Gb  VCAN_LED.o [1]
LeftDead                0x1fffb1a0     0x4  Data  Gb  speed.o [1]
LoadInt                 0x00002283    0x6e  Code  Lc  xprintflarge_nomb.o [3]
MMA8451_Init            0x0000764d    0x34  Code  Gb  I2C.o [1]
MPU3050_Init            0x000075ff    0x4e  Code  Gb  I2C.o [1]
MotorInit               0x00004675    0x48  Code  Gb  speed.o [1]
NVIC_DisableIRQ         0x00006831    0x14  Code  Lc  bsp_infrared.o [1]
NVIC_DisableIRQ         0x00007f39    0x14  Code  Lc  VCAN_OV7725_Eagle.o [1]
NVIC_EnableIRQ          0x000086d3    0x14  Code  Lc  main.o [1]
NVIC_EnableIRQ          0x00007ca9    0x14  Code  Lc  MK60_it.o [1]
NVIC_EnableIRQ          0x00007f25    0x14  Code  Lc  VCAN_OV7725_Eagle.o [1]
NVIC_SetPriority        0x000086e7    0x26  Code  Lc  main.o [1]
NVIC_SetPriorityGrouping
                        0x000086b5    0x1e  Code  Lc  main.o [1]
NVIC_SystemReset        0x000052bd    0x1a  Code  Lc  MK60_conf.o [1]
OLED_ASCII16X8          0x00003844   0x7f0  Data  Gb  bsp_my_oled.o [1]
OffsetGyroY             0x00007881    0x42  Code  Gb  upstand.o [1]
Offset_Acce             0x1fff0cd8     0x2  Data  Gb  upstand.o [1]
Offset_Gyro             0x1fffb224     0x8  Data  Gb  upstand.o [1]
OutData                 0x1fffb198     0x8  Data  Gb  scope.o [1]
OutPut_Data             0x00008373    0xe0  Code  Gb  scope.o [1]
PIT0_IRQHandler         0x00007cbd    0x2a  Code  Gb  MK60_it.o [1]
PORTA_IRQHandler        0x00007d09   0x178  Code  Gb  MK60_it.o [1]
PORTX                   0x1fff0b98    0x14  Data  Gb  MK60_port.o [1]
PWMOut                  0x000046bd   0x1ca  Code  Gb  speed.o [1]
Peried                  0x1fff0cf0     0x4  Data  Gb  upstand.o [1]
Q                       0x1fff0cf8     0x4  Data  Gb  upstand.o [1]
R                       0x1fff0cfc     0x4  Data  Gb  upstand.o [1]
Raito_Gyro              0x1fff0ce0     0x8  Data  Gb  upstand.o [1]
Ratio_Acce              0x1fff0cdc     0x4  Data  Gb  upstand.o [1]
Ratio_Encoder_Left      0x1fff0cc8     0x4  Data  Gb  speed.o [1]
Ratio_Encoder_Righ      0x1fff0ccc     0x4  Data  Gb  speed.o [1]
Region$$Table$$Base     0x00008fa0           --   Gb  - Linker created -
Region$$Table$$Limit    0x00008fb0           --   Gb  - Linker created -
Reset_Handler           0x00000411          Code  Gb  startup_MK60DZ10.o [1]
RighDead                0x1fffb1a4     0x4  Data  Gb  speed.o [1]
SCCB_Ack                0x000070b9    0x3c  Code  Lc  VCAN_SCCB.o [1]
SCCB_GPIO_init          0x00006fff    0x28  Code  Gb  VCAN_SCCB.o [1]
SCCB_NoAck              0x000070f5    0x3c  Code  Lc  VCAN_SCCB.o [1]
SCCB_ReadByte           0x00007295    0x2c  Code  Gb  VCAN_SCCB.o [1]
SCCB_ReadByte_one       0x000072c1    0x86  Code  Lc  VCAN_SCCB.o [1]
SCCB_ReceiveByte        0x000071c1    0x54  Code  Lc  VCAN_SCCB.o [1]
SCCB_SendByte           0x0000717d    0x44  Code  Lc  VCAN_SCCB.o [1]
SCCB_Start              0x00007027    0x5e  Code  Lc  VCAN_SCCB.o [1]
SCCB_Stop               0x00007085    0x34  Code  Lc  VCAN_SCCB.o [1]
SCCB_WaitAck            0x00007131    0x4c  Code  Lc  VCAN_SCCB.o [1]
SCCB_WriteByte          0x00007225    0x28  Code  Gb  VCAN_SCCB.o [1]
SCCB_WriteByte_one      0x0000724d    0x48  Code  Lc  VCAN_SCCB.o [1]
SCCB_delay              0x00006fe5    0x1a  Code  Lc  VCAN_SCCB.o [1]
SetAddressingMode       0x00005f9d    0x14  Code  Gb  bsp_oled.o [1]
SetContrastControl      0x00005fc1    0x14  Code  Gb  bsp_oled.o [1]
SetIRKey                0x00006a71     0x6  Code  Gb  bsp_infrared.o [1]
SetStartLine            0x00005fb1    0x10  Code  Gb  bsp_oled.o [1]
Set_Charge_Pump         0x00005fd5    0x16  Code  Gb  bsp_oled.o [1]
Set_Common_Config       0x0000608b    0x16  Code  Gb  bsp_oled.o [1]
Set_Common_Remap        0x0000603f    0x10  Code  Gb  bsp_oled.o [1]
Set_Display_Clock       0x00006063    0x14  Code  Gb  bsp_oled.o [1]
Set_Display_Offset      0x0000604f    0x14  Code  Gb  bsp_oled.o [1]
Set_Display_On_Off      0x0000602f    0x10  Code  Gb  bsp_oled.o [1]
Set_Entire_Display      0x00005ffb    0x10  Code  Gb  bsp_oled.o [1]
Set_Inverse_Display     0x0000600b    0x10  Code  Gb  bsp_oled.o [1]
Set_Multiplex_Ratio     0x0000601b    0x14  Code  Gb  bsp_oled.o [1]
Set_Precharge_Period    0x00006077    0x14  Code  Gb  bsp_oled.o [1]
Set_Segment_Remap       0x00005feb    0x10  Code  Gb  bsp_oled.o [1]
Set_VCOMH               0x000060a1    0x14  Code  Gb  bsp_oled.o [1]
SpeedControl            0x000049dd    0xe8  Code  Gb  speed.o [1]
SpeedControlOut         0x00004ac5    0x32  Code  Gb  speed.o [1]
UARTN                   0x1fff0bac    0x18  Data  Gb  MK60_uart.o [1]
UI_debug                0x00008919    0x80  Code  Gb  ui_debug.o [1]
UpstandInit             0x00007681    0x24  Code  Gb  upstand.o [1]
UserCode                0x1fffb2e8     0x1  Data  Gb  bsp_infrared.o [1]
UserData                0x1fffb2e9     0x1  Data  Gb  bsp_infrared.o [1]
_GenldLargeNoMb         0x00002679   0x236  Code  Lc  xprintflarge_nomb.o [3]
_LdtobLargeNoMb         0x000023f9   0x27a  Code  Lc  xprintflarge_nomb.o [3]
_LitobLargeNoMb         0x000022f1   0x106  Code  Lc  xprintflarge_nomb.o [3]
_Locale_aeabi_lconv     0x1fffb348    0x38  Data  Gb  localeconv.o [3]
_Locale_lconv           0x1fffb2f8    0x50  Data  Gb  localeconv.o [3]
_PrintfLargeNoMb        0x00001d09   0x574  Code  Gb  xprintflarge_nomb.o [3]
_Prout                  0x0000905d    0x16  Code  Gb  xprout.o [3]
_PutcharsLargeNoMb      0x000028af    0x2e  Code  Lc  xprintflarge_nomb.o [3]
__BOOT_STACK_ADDRESS {Abs}
                        0x2000fff8           --   Gb  command line/config [2]
__VECTOR_RAM {Abs}      0x1fff0000           --   Gb  command line/config [2]
__VECTOR_TABLE {Abs}    0x00000000           --   Gb  command line/config [2]
__aeabi_cdcmple         0x00002b49          Code  Gb  DblCmpLe.o [4]
__aeabi_cfcmple         0x000051e1          Code  Gb  FltCmpLe.o [4]
__aeabi_cfrcmple        0x00005139          Code  Gb  FltCmpGe.o [4]
__aeabi_d2f             0x0000197d          Code  Gb  DblToFlt.o [4]
__aeabi_d2uiz           0x00002dc1          Code  Gb  DblToI32.o [4]
__aeabi_dadd            0x00001895          Code  Gb  DblAdd.o [4]
__aeabi_ddiv            0x00002b79          Code  Gb  DblDiv.o [4]
__aeabi_dmul            0x000016f1          Code  Gb  DblMul.o [4]
__aeabi_dsub            0x00001b89          Code  Gb  DblSub.o [4]
__aeabi_errno_addr      0x00007a19     0x6  Code  Gb  errno.o [3]
__aeabi_f2d             0x00001681          Code  Gb  FltToDbl.o [4]
__aeabi_f2iz            0x00001a0d          Code  Gb  FltToS32.o [4]
__aeabi_fadd            0x0000515d          Code  Gb  FltAdd.o [4]
__aeabi_fdiv            0x00001a8d          Code  Gb  FltDiv.o [4]
__aeabi_fmul            0x0000459d          Code  Gb  FltMul.o [4]
__aeabi_fsub            0x00005051          Code  Gb  FltSub.o [4]
__aeabi_i2d             0x00002ded          Code  Gb  I32ToDbl.o [4]
__aeabi_i2f             0x00001a59          Code  Gb  I32ToFlt.o [4]
__aeabi_ldiv0           0x00002e99          Code  Gb  I64DivZer.o [5]
__aeabi_ui2d            0x00002e01          Code  Gb  I32ToDbl.o [4]
__aeabi_ui2f            0x00001a6d          Code  Gb  I32ToFlt.o [4]
__aeabi_uldivmod        0x000029a1          Code  Gb  I64DivMod.o [5]
__cmain                 0x00008ff1          Code  Gb  cmain.o [5]
__code_start__ {Abs}    0x00000410           --   Gb  command line/config [2]
__exit                  0x00009021          Code  Gb  XXexit.o [5]
__iar_Dnorm             0x00002b07    0x42  Code  Gb  xdnorm.o [4]
__iar_Errno             0x1fffb380     0x4  Data  Gb  errno.o [3]
__iar_Locale_lconv_init
                        0x00002e1d    0x3a  Code  Gb  localeconv.o [3]
__iar_Memchr            0x00002949          Code  Gb  memchr.o [5]
__iar_Stdout            0x1fff0d78    0x40  Data  Gb  xfiles.o [3]
__iar_Strchr            0x000028f9          Code  Gb  strchr.o [5]
__iar_d2uiz             0x00002dcd          Code  Gb  DblToI32.o [4]
__iar_dadd              0x000018a9          Code  Gb  DblAdd.o [4]
__iar_data_init3        0x00008f0d    0x28  Code  Gb  data_init.o [5]
__iar_dlib_perthread_access
                        0x00002e9b     0x2  Code  Gb  xtls.o [3]
__iar_dsub              0x00001b9d          Code  Gb  DblSub.o [4]
__iar_dsubStart         0x00001baf          Code  Gb  DblSub.o [4]
__iar_edom              0x00007a0d          Code  Gb  iarEdom.o [5]
__iar_fadd              0x0000516d          Code  Gb  FltAdd.o [4]
__iar_fsub              0x00005061          Code  Gb  FltSub.o [4]
__iar_fsubStart         0x00005071          Code  Gb  FltSub.o [4]
__iar_program_start     0x000090e1          Code  Gb  cstartup_M.o [5]
__iar_sqrt              0x0000791d          Code  Gb  sqrt.o [4]
__iar_ui2d              0x00002e05          Code  Gb  I32ToDbl.o [4]
__iar_ui2f              0x00001a71          Code  Gb  I32ToFlt.o [4]
__iar_unaligned___aeabi_memcpy
                        0x00002a91          Code  Gb  ABImemcpy_unaligned.o [5]
__iar_unaligned___aeabi_memcpy4
                        0x00002ab1          Code  Gb  ABImemcpy_unaligned.o [5]
__iar_unaligned___aeabi_memcpy8
                        0x00002ab1          Code  Gb  ABImemcpy_unaligned.o [5]
__iar_unaligned_strcpy  0x000067ed          Code  Gb  strcpy_unaligned.o [5]
__iar_zero_init3        0x000016cf    0x22  Code  Gb  zero_init3.o [5]
__low_level_init        0x0000900b     0x4  Code  Gb  low_level_init.o [3]
__vector_table          0x00000000   0x410  Data  Gb  vectors.o [1]
_call_main              0x00008ffd          Code  Gb  cmain.o [5]
_exit                   0x00009015          Code  Gb  cexit.o [5]
_main                   0x00009007          Code  Gb  cmain.o [5]
abs                     0x00001a51     0x8  Code  Gb  abs.o [3]
assert_failed           0x000052d7    0x26  Code  Gb  MK60_conf.o [1]
bmp_buff                0x1fff6da0   0x400  Data  Gb  bsp_global_var.o [1]
bus_clk_khz             0x1fffb208     0x4  Data  Gb  system_MK60DZ10.o [1]
car_init                0x0000870d    0xd4  Code  Gb  main.o [1]
car_position            0x1fffb2f2     0x1  Data  Gb  picture_deal.o [1]
car_status              0x1fffb2f4     0x1  Data  Gb  picture_deal.o [1]
car_ten_status          0x1fffb2f3     0x1  Data  Gb  picture_deal.o [1]
center_line             0x1fffafb4    0xf0  Data  Gb  picture_deal.o [1]
check_end_line          0x0000066b     0x6  Code  Gb  picture_deal.o [1]
common_startup          0x00008bbf    0x98  Code  Gb  system_MK60DZ10.o [1]
compensation_line       0x1fff0bc4    0x14  Data  Gb  picture_deal.o [1]
compress_buff           0x1fff71a0  0x3c00  Data  Gb  bsp_global_var.o [1]
core_clk_khz            0x1fffb200     0x4  Data  Gb  system_MK60DZ10.o [1]
core_clk_mhz            0x1fffb204     0x4  Data  Gb  system_MK60DZ10.o [1]
cp_line                 0x1fff0bd8    0xf0  Data  Gb  picture_deal.o [1]
debug_flag              0x1fffb2e6     0x1  Data  Gb  bsp_global_var.o [1]
default_isr             0x000053ab    0x30  Code  Gb  MK60_conf.o [1]
div                     0x00002e89     0xe  Code  Gb  div.o [3]
dma_gpio_input_init     0x00007a25    0x5c  Code  Lc  MK60_dma.o [1]
dma_portx2buff_init     0x00007a81   0x1f4  Code  Gb  MK60_dma.o [1]
exit                    0x0000900f     0x4  Code  Gb  exit.o [3]
fSpeedErrorInteg        0x1fffb1d0     0x4  Data  Gb  speed.o [1]
find_line               0x000007b9   0x11c  Code  Gb  picture_deal.o [1]
flag_imgbuff            0x1fffb2e7     0x1  Data  Gb  bsp_global_var.o [1]
flash_cmd               0x1fff0dc9    0x20  Code  Gb  MK60_flash.o [1]
flash_erase_sector      0x1fff0e19    0x58  Code  Gb  MK60_flash.o [1]
flash_init              0x1fff0de9    0x30  Code  Gb  MK60_flash.o [1]
flash_write             0x1fff0e71    0x8e  Code  Gb  MK60_flash.o [1]
float01                 0x1fff0fb4     0x4  Data  Gb  bsp_global_var.o [1]
float02                 0x1fff0fb8     0x4  Data  Gb  bsp_global_var.o [1]
float03                 0x1fff0fbc     0x4  Data  Gb  bsp_global_var.o [1]
float04                 0x1fff0fc0     0x4  Data  Gb  bsp_global_var.o [1]
float05                 0x1fff0fc4     0x4  Data  Gb  bsp_global_var.o [1]
float06                 0x1fff0fc8     0x4  Data  Gb  bsp_global_var.o [1]
float07                 0x1fff0fcc     0x4  Data  Gb  bsp_global_var.o [1]
float08                 0x1fff0fd0     0x4  Data  Gb  bsp_global_var.o [1]
float09                 0x1fff0fd4     0x4  Data  Gb  bsp_global_var.o [1]
float10                 0x1fff0fd8     0x4  Data  Gb  bsp_global_var.o [1]
float11                 0x1fff0410     0x4  Data  Gb  bsp_global_var.o [1]
float12                 0x1fff0fdc     0x4  Data  Gb  bsp_global_var.o [1]
fputc                   0x000052fd    0x14  Code  Gb  MK60_conf.o [1]
ftm_input_clean         0x00004ee5    0x22  Code  Gb  MK60_ftm.o [1]
ftm_mod                 0x1fffadc8     0xc  Data  Lc  MK60_ftm.o [1]
ftm_pwm_duty            0x00004dfd    0xe8  Code  Gb  MK60_ftm.o [1]
ftm_pwm_init            0x00004c6d   0x190  Code  Gb  MK60_ftm.o [1]
ftm_quad_get            0x0000500d    0x2c  Code  Gb  MK60_ftm.o [1]
ftm_quad_init           0x00004f07   0x106  Code  Gb  MK60_ftm.o [1]
g_AngleOfCar            0x1fffb230     0x4  Data  Gb  upstand.o [1]
g_BlanceControlOut      0x1fffb22c     0x4  Data  Gb  upstand.o [1]
g_PWMOut                0x1fffb1dc     0x4  Data  Gb  speed.o [1]
g_dirControl_D          0x1fff0420     0x4  Data  Gb  direction.o [1]
g_dirControl_P          0x1fff041c     0x4  Data  Gb  direction.o [1]
g_fAngleOfAcce          0x1fffb210     0x4  Data  Gb  upstand.o [1]
g_fAngleSpeed           0x1fffb21c     0x8  Data  Gb  upstand.o [1]
g_fDirectionControlOut  0x1fffada8     0x4  Data  Gb  direction.o [1]
g_fDirectionError_dot   0x1fffada4     0x4  Data  Gb  direction.o [1]
g_fExpectSpeed          0x1fff0cd0     0x4  Data  Gb  speed.o [1]
g_fLeftRealSpeed        0x1fffb1ac     0x4  Data  Gb  speed.o [1]
g_fRealSpeed            0x1fffb1a8     0x4  Data  Gb  speed.o [1]
g_fRighRealSpeed        0x1fffb1b0     0x4  Data  Gb  speed.o [1]
g_fSpeedControlOut      0x1fffb1f4     0x4  Data  Gb  speed.o [1]
g_fSpeedControlOutNew   0x1fffb1f0     0x4  Data  Gb  speed.o [1]
g_fSpeedControlOutOld   0x1fffb1ec     0x4  Data  Gb  speed.o [1]
g_fSpeedError           0x1fffb1b8     0x4  Data  Gb  speed.o [1]
g_fSpeedErrorTemp       0x1fffb1bc    0x14  Data  Gb  speed.o [1]
g_fSpeedFilter          0x1fffb1b4     0x4  Data  Gb  speed.o [1]
g_nDirectionError       0x1fffb2c4     0x2  Data  Gb  direction.o [1]
g_nLeftPWM              0x1fffb1e0     0x4  Data  Gb  speed.o [1]
g_nLeftpulse            0x1fffb1d4     0x4  Data  Gb  speed.o [1]
g_nRighPWM              0x1fffb1e4     0x4  Data  Gb  speed.o [1]
g_nRighpulse            0x1fffb1d8     0x4  Data  Gb  speed.o [1]
g_nValueOfAcce          0x1fffb20c     0x4  Data  Gb  upstand.o [1]
g_nValueOfGyro          0x1fffb214     0x8  Data  Gb  upstand.o [1]
g_speedControl_I        0x1fffb1e8     0x4  Data  Gb  speed.o [1]
g_speedControl_P        0x1fff0cd4     0x4  Data  Gb  speed.o [1]
g_upstandControl_D      0x1fff0cec     0x4  Data  Gb  upstand.o [1]
g_upstandControl_P      0x1fff0ce8     0x4  Data  Gb  upstand.o [1]
gb_recursion            0x00000729    0x90  Code  Gb  picture_deal.o [1]
get_average_diff        0x00000a45    0x82  Code  Gb  picture_deal.o [1]
get_picture_diff        0x00000419   0x1c4  Code  Gb  picture_deal.o [1]
gpio_get                0x0000594d    0x3e  Code  Gb  MK60_gpio.o [1]
gpio_init               0x000057f1    0xae  Code  Gb  MK60_gpio.o [1]
gpio_set                0x0000589f    0x74  Code  Gb  MK60_gpio.o [1]
gpio_turn               0x00005913    0x3a  Code  Gb  MK60_gpio.o [1]
img                     0x1fff22a0  0x4b00  Data  Gb  bsp_global_var.o [1]
img_extract             0x00008179    0x94  Code  Gb  VCAN_camera.o [1]
imgbuff1                0x1fff0fe0   0x960  Data  Gb  bsp_global_var.o [1]
imgbuff2                0x1fff1940   0x960  Data  Gb  bsp_global_var.o [1]
infrared_init           0x00006845     0xc  Code  Gb  bsp_infrared.o [1]
int01                   0x1fffb2ac     0x2  Data  Gb  bsp_global_var.o [1]
int02                   0x1fffb2ae     0x2  Data  Gb  bsp_global_var.o [1]
int03                   0x1fffb2b0     0x2  Data  Gb  bsp_global_var.o [1]
int04                   0x1fffb2b2     0x2  Data  Gb  bsp_global_var.o [1]
int05                   0x1fffb2b4     0x2  Data  Gb  bsp_global_var.o [1]
int06                   0x1fffb2b6     0x2  Data  Gb  bsp_global_var.o [1]
int07                   0x1fffb2b8     0x2  Data  Gb  bsp_global_var.o [1]
int08                   0x1fffb2ba     0x2  Data  Gb  bsp_global_var.o [1]
int09                   0x1fffb2bc     0x2  Data  Gb  bsp_global_var.o [1]
int10                   0x1fffb2be     0x2  Data  Gb  bsp_global_var.o [1]
int11                   0x1fffb2c0     0x2  Data  Gb  bsp_global_var.o [1]
int12                   0x1fffb2c2     0x2  Data  Gb  bsp_global_var.o [1]
ircode                  0x1fffada0     0x4  Data  Gb  bsp_infrared.o [1]
irkey_value             0x1fffb2ec     0x1  Data  Gb  bsp_infrared.o [1]
judge_column            0x00000ff1   0x4c8  Code  Gb  picture_deal.o [1]
judge_init_start        0x000008d5   0x170  Code  Gb  picture_deal.o [1]
judge_next_line         0x00000b85    0x90  Code  Gb  picture_deal.o [1]
judge_position          0x000014c5   0x178  Code  Gb  picture_deal.o [1]
key_check               0x000057c1    0x2a  Code  Gb  VCAN_key.o [1]
key_get                 0x000057a7    0x1a  Code  Gb  VCAN_key.o [1]
key_init                0x00005755    0x52  Code  Gb  VCAN_key.o [1]
led                     0x00005437    0x3c  Code  Gb  VCAN_LED.o [1]
led_init                0x000053fd    0x3a  Code  Gb  VCAN_LED.o [1]
led_turn                0x00005473    0x32  Code  Gb  VCAN_LED.o [1]
left_line               0x1fffadd4    0xf0  Data  Gb  picture_deal.o [1]
localeconv              0x00002e57    0x16  Code  Gb  localeconv.o [3]
lost_count              0x1fffb2d0     0x2  Data  Gb  picture_deal.o [1]
lost_to_have_flag       0x1fffb2cc     0x2  Data  Gb  picture_deal.o [1]
lptmr_delay_ms          0x00008879    0x40  Code  Gb  MK60_lptmr.o [1]
main                    0x000087e1    0x56  Code  Gb  main.o [1]
mcg_cfg                 0x1fff0b50    0x44  Data  Gb  MK60_mcg.o [1]
mcg_div                 0x1fff0b94     0x4  Data  Gb  MK60_mcg.o [1]
mcg_div_count           0x00006c1d   0x2fa  Code  Gb  MK60_mcg.o [1]
memchr                  0x00002949          Code  Gb  memchr.o [5]
near_lost_count_left    0x1fffb2c8     0x2  Data  Gb  picture_deal.o [1]
near_lost_count_righ    0x1fffb2ca     0x2  Data  Gb  picture_deal.o [1]
obuf                    0x1fffb25c    0x50  Data  Lc  xfiles.o [3]
oled_display_16x8char   0x000059a3    0x78  Code  Gb  bsp_my_oled.o [1]
oled_display_16x8char_hl
                        0x00005a1b    0x80  Code  Gb  bsp_my_oled.o [1]
oled_display_16x8str    0x00005a9b    0x98  Code  Gb  bsp_my_oled.o [1]
oled_display_16x8str_hl
                        0x00005b33    0xa0  Code  Gb  bsp_my_oled.o [1]
oled_fill               0x00005995     0xe  Code  Gb  bsp_my_oled.o [1]
oled_print_16x8short    0x00005bd3   0x10a  Code  Gb  bsp_my_oled.o [1]
oled_print_16x8short_hl
                        0x00005cdd   0x19e  Code  Gb  bsp_my_oled.o [1]
ov7725_eagle_cfgnum     0x1fff0d74     0x1  Data  Gb  VCAN_OV7725_Eagle.o [1]
ov7725_eagle_dma        0x00008043    0x14  Code  Gb  VCAN_OV7725_Eagle.o [1]
ov7725_eagle_get_img    0x00008057    0x24  Code  Gb  VCAN_OV7725_Eagle.o [1]
ov7725_eagle_img_buff   0x1fffb258     0x4  Data  Gb  VCAN_OV7725_Eagle.o [1]
ov7725_eagle_img_flag   0x1fff0d0c     0x1  Data  Gb  VCAN_OV7725_Eagle.o [1]
ov7725_eagle_init       0x00007f4d    0x18  Code  Gb  VCAN_OV7725_Eagle.o [1]
ov7725_eagle_port_init  0x00007f65    0x54  Code  Lc  VCAN_OV7725_Eagle.o [1]
ov7725_eagle_reg        0x1fff0d10    0x64  Data  Gb  VCAN_OV7725_Eagle.o [1]
ov7725_eagle_reg_init   0x0000807b    0xb0  Code  Lc  VCAN_OV7725_Eagle.o [1]
ov7725_eagle_vsync      0x00007fb9    0x8a  Code  Gb  VCAN_OV7725_Eagle.o [1]
p_imgbuff1              0x1fff0414     0x4  Data  Gb  bsp_global_var.o [1]
p_imgbuff2              0x1fff0418     0x4  Data  Gb  bsp_global_var.o [1]
param_in                0x00004045    0x1c  Code  Gb  flash_param.o [1]
param_init              0x00004105   0x11c  Code  Gb  flash_param.o [1]
param_load              0x00004061    0xa4  Code  Gb  flash_param.o [1]
param_reset             0x000005dd    0x8e  Code  Gb  picture_deal.o [1]
param_save              0x0000445d   0x13e  Code  Gb  flash_param.o [1]
parameter               0x1fff0f80    0x34  Data  Gb  bsp_global_var.o [1]
partition               0x00000ac7    0x80  Code  Gb  picture_deal.o [1]
pit_init                0x00006ab9    0x6c  Code  Gb  MK60_PIT.o [1]
pit_time_get            0x00006b9f    0x64  Code  Gb  MK60_PIT.o [1]
pit_time_start          0x00006b25    0x7a  Code  Gb  MK60_PIT.o [1]
pll_init                0x00006f17    0xb2  Code  Gb  MK60_mcg.o [1]
port_init               0x00005205    0x44  Code  Gb  MK60_port.o [1]
port_init_NoALT         0x00005249    0x62  Code  Gb  MK60_port.o [1]
printf                  0x000054a9    0x24  Code  Gb  printf.o [3]
putchar                 0x00009075     0xc  Code  Gb  putchar.o [3]
quick_sort              0x00000b47    0x3e  Code  Gb  picture_deal.o [1]
right_line              0x1fffaec4    0xf0  Data  Gb  picture_deal.o [1]
search_black_line       0x00000c15   0x370  Code  Gb  picture_deal.o [1]
search_start            0x00000671    0xb8  Code  Gb  picture_deal.o [1]
search_white_line       0x00000fd5    0x1c  Code  Gb  picture_deal.o [1]
set_page_1              0x0000845d    0x5c  Code  Gb  ui_setpage.o [1]
set_page_16x8common     0x00006351   0x49a  Code  Gb  ui_debug_common.o [1]
set_page_2              0x000084b9    0x2a  Code  Gb  ui_setpage.o [1]
set_page_3              0x000084e3    0x32  Code  Gb  ui_setpage.o [1]
set_page_4              0x00008515    0x32  Code  Gb  ui_setpage.o [1]
set_page_5              0x00008547    0x32  Code  Gb  ui_setpage.o [1]
set_page_6              0x00008579    0x32  Code  Gb  ui_setpage.o [1]
set_page_7              0x000085ab    0x32  Code  Gb  ui_setpage.o [1]
set_page_8              0x000085dd    0x70  Code  Gb  ui_setpage.o [1]
set_param               0x00004221   0x16e  Code  Gb  flash_param.o [1]
set_sys_dividers        0x1fff0f31    0x50  Code  Gb  MK60_mcg.o [1]
set_vector_handler      0x000088eb    0x22  Code  Gb  misc.o [1]
sqrt                    0x0000791d          Code  Gb  sqrt.o [4]
sqrtl                   0x0000791d          Code  Gb  sqrt.o [4]
start                   0x00008b61    0x22  Code  Gb  system_MK60DZ10.o [1]
start_check             0x00005311    0x9a  Code  Gb  MK60_conf.o [1]
start_line              0x1fffb0a4    0xf0  Data  Gb  picture_deal.o [1]
strchr                  0x000028f9          Code  Gb  strchr.o [5]
strlen                  0x00002911          Code  Gb  strlen.o [5]
sysinit                 0x00008b83    0x3c  Code  Gb  system_MK60DZ10.o [1]
systick_delay           0x000054cd    0x36  Code  Gb  MK60_SysTick.o [1]
systick_delay_ms        0x00005503    0x18  Code  Gb  MK60_SysTick.o [1]
turn_flag               0x1fffb2ce     0x2  Data  Gb  picture_deal.o [1]
uart_init               0x00005531   0x1f0  Code  Gb  MK60_uart.o [1]
uart_putchar            0x00005721    0x1a  Code  Gb  MK60_uart.o [1]
vector_str              0x1fff0424   0x708  Data  Gb  MK60_conf.o [1]
wdog_disable            0x00008c91    0x16  Code  Gb  MK60_wdog.o [1]
wdog_unlock             0x00008ca7    0x20  Code  Lc  MK60_wdog.o [1]
write_vtor              0x000088c9    0x22  Code  Gb  misc.o [1]


[1] = F:\5咸鱼\直立资料\直立资料\直立摄像头\第十二届直立摄像头程序\Prj\IAR\DZ10_Debug\Obj
[2] = command line
[3] = dl7M_tlf.a
[4] = m7M_tl.a
[5] = rt7M_tl.a

  30 194 bytes of readonly  code memory
     456 bytes of readwrite code memory
   7 230 bytes of readonly  data memory
  44 457 bytes of readwrite data memory

Errors: none
Warnings: none
